[2026-07-27 19:11:53] Starting application with hot-reload...
[2026-07-27 19:11:53] Detected changes, restarting application...
[2026-07-27 19:11:53] Starting new uvicorn process...
[2026-07-27 19:11:53] Started with PID 17
[2026-07-27 19:11:53] File modification detected at 1785179338.9364251900
[2026-07-27 19:11:54] Detected changes, restarting application...
[2026-07-27 19:11:54] Killing process 17
[2026-07-27 19:11:54] Starting new uvicorn process...
[2026-07-27 19:11:54] Started with PID 43
[2026-07-27 19:12:14] File modification detected at 1785179534.4678248180
[2026-07-27 19:12:15] Detected changes, restarting application...
[2026-07-27 19:12:15] Killing process 43
[2026-07-27 19:12:15] Starting new uvicorn process...
[2026-07-27 19:12:15] Started with PID 127
[2026-07-27 19:14:30] Starting application with hot-reload...
[2026-07-27 19:14:30] Detected changes, restarting application...
[2026-07-27 19:14:30] Starting new uvicorn process...
[2026-07-27 19:14:30] Started with PID 17
[2026-07-27 19:14:30] File modification detected at 1785179534.4678248180
[2026-07-27 19:14:31] Detected changes, restarting application...
[2026-07-27 19:14:31] Killing process 17
[2026-07-27 19:14:31] Starting new uvicorn process...
[2026-07-27 19:14:31] Started with PID 39
